[www.classroom.it.com/index.html]
[backblue.gif]
[fade.gif]
[index.html]
[ssl.gstatic.com/atari/images/simple-header-blended-small.png]
[apis.google.com/js/clientc932.js]
[www.classroom.it.com/home.html]
[www.classroom.it.com/home/report-a-problem-or-request-a-game.html]
[www.classroom.it.com/home/popular-games.html]
[www.classroom.it.com/home/tos.html]
[www.classroom.it.com/home/this-site-knows-everything.html]
[www.classroom.it.com/home/partners.html]
[www.classroom.it.com/home/anonymous-mode.html]
[www.classroom.it.com/tools/teacher-watch.html]
[www.classroom.it.com/clash-of-clans.html]
[www.classroom.it.com/brawl-stars.html]
[www.classroom.it.com/fortnite.html]
[www.classroom.it.com/super-mario-bros-3.html]
[www.classroom.it.com/pokémon-sapphire.html]
[www.classroom.it.com/1v1-lol.html]
[www.classroom.it.com/apple-worm.html]
[www.classroom.it.com/angry-birds.html]
[www.classroom.it.com/drift-hunters.html]
[www.classroom.it.com/bloons-td-series/bloons-td-1.html]
[www.classroom.it.com/bloons-td-series/bloons-td-2.html]
[www.classroom.it.com/bloons-td-series/bloons-td-3.html]
[www.classroom.it.com/bloons-td-series/bloons-td-4.html]
[www.classroom.it.com/bloons-td-series/bloons-td-5.html]
[www.classroom.it.com/ball-dodge.html]
[www.classroom.it.com/osu-walmart-edition.html]
[www.classroom.it.com/retro-bowl.html]
[www.classroom.it.com/gun-mayhem-2.html]
[www.classroom.it.com/tiny-fishing.html]
[www.classroom.it.com/incredibox.html]
[www.classroom.it.com/google.html]
[www.classroom.it.com/u-will-go-bye-bye-if-u-click.html]
[www.classroom.it.com/getaway-shootout.html]
[www.classroom.it.com/snowrider.html]
[www.classroom.it.com/table-tennis.html]
[www.classroom.it.com/taming-io.html]
[www.classroom.it.com/guide-the-pyramid.html]
[www.classroom.it.com/alien-cubes.html]
[www.classroom.it.com/towers-of-color.html]
[www.classroom.it.com/run-9.html]
[www.classroom.it.com/orbit-dash.html]
[www.classroom.it.com/head-soccer.html]
[www.classroom.it.com/x-trench-run.html]
[www.classroom.it.com/obstacle-race.html]
[www.classroom.it.com/cube-form.html]
[www.classroom.it.com/maze-control.html]
[www.classroom.it.com/rainbow-tower.html]
[www.classroom.it.com/match-key.html]
[www.classroom.it.com/happy-glass-4.html]
[www.classroom.it.com/neon-rocket.html]
[www.classroom.it.com/drift-to-the-right.html]
[www.classroom.it.com/coolmathgamesunblocked.html]
[www.classroom.it.com/little-alchemy-unblocked.html]
[www.classroom.it.com/brotato.html]
[www.classroom.it.com/1v1-lol-3-0.html]
[www.classroom.it.com/steam-for-chromebook.html]
[www.classroom.it.com/duck-lifes/duck-life-1.html]
[www.classroom.it.com/duck-lifes/duck-life-2-world-champion.html]
[www.classroom.it.com/duck-lifes/duck-life-3-evolution.html]
[www.classroom.it.com/duck-lifes/duck-life-4.html]
[www.classroom.it.com/snapchat.html]
[www.classroom.it.com/nb-browser.html]
[www.classroom.it.com/people-playground.html]
[www.classroom.it.com/among-us.html]
[www.classroom.it.com/rocket-league.html]
[www.classroom.it.com/plague-inc.html]
[www.classroom.it.com/stumble-guys.html]
[www.classroom.it.com/chatgpt.html]
[www.classroom.it.com/roblox.html]
[www.classroom.it.com/ea-sports.html]
[www.classroom.it.com/madden.html]
[www.classroom.it.com/every-second.html]
[www.classroom.it.com/agar-io/agar-io.html]
[www.classroom.it.com/agar-io/agar-io-full-screen.html]
[www.classroom.it.com/ovo.html]
[www.classroom.it.com/dont-click-in-class.html]
[www.classroom.it.com/mr-bullet.html]
[www.classroom.it.com/death-run-3d.html]
[www.classroom.it.com/wordle-solver.html]
[www.classroom.it.com/ragdoll-io.html]
[www.classroom.it.com/draw.html]
[www.classroom.it.com/tomb-of-the-mask.html]
[www.classroom.it.com/redbad.html]
[www.classroom.it.com/house-of-hazards.html]
[www.classroom.it.com/this-site-is-sleeping.html]
[www.classroom.it.com/snakedeath.html]
[www.classroom.it.com/dots-and-boxes.html]
[www.classroom.it.com/the-solar-system.html]
[www.classroom.it.com/got-rhythm.html]
[www.classroom.it.com/slap.html]
[www.classroom.it.com/orb.html]
[www.classroom.it.com/johnny-trigger.html]
[www.classroom.it.com/vex-series/vex-1.html]
[www.classroom.it.com/vex-series/vex-3.html]
[www.classroom.it.com/vex-series/vex-4.html]
[www.classroom.it.com/vex-series/vex-5.html]
[www.classroom.it.com/vex-series/vex-6.html]
[www.classroom.it.com/vex-series/vex-7.html]
[www.classroom.it.com/acid-rain.html]
[www.classroom.it.com/uno.html]
[www.classroom.it.com/car-drawing.html]
[www.classroom.it.com/2-player-slope.html]
[www.classroom.it.com/ball-blaster.html]
[www.classroom.it.com/space-bar-clicker-hacks.html]
[www.classroom.it.com/bad-time-simulator.html]
[www.classroom.it.com/learn-2-fly.html]
[www.classroom.it.com/learn-2-fly-idle.html]
[www.classroom.it.com/fifa24-pack-opener.html]
[www.classroom.it.com/bacon-may-die.html]
[www.classroom.it.com/banana-clicker.html]
[www.classroom.it.com/quick-draw.html]
[www.classroom.it.com/tetris-amplified-physics.html]
[www.classroom.it.com/magic-tiles-3.html]
[www.classroom.it.com/flappy-dunk.html]
[www.classroom.it.com/drop-the-number.html]
[www.classroom.it.com/2048.html]
[www.classroom.it.com/paper-plane.html]
[www.classroom.it.com/google-snake.html]
[www.classroom.it.com/only-upscratch-edition.html]
[www.classroom.it.com/basketball-stars.html]
[www.classroom.it.com/paper-io.html]
[www.classroom.it.com/dino-game.html]
[www.classroom.it.com/chess.html]
[www.classroom.it.com/8-ball.html]
[www.classroom.it.com/traffic-run.html]
[www.classroom.it.com/helix-jump.html]
[www.classroom.it.com/happy-glass.html]
[www.classroom.it.com/tabssteam.html]
[www.classroom.it.com/truck-sim.html]
[www.classroom.it.com/block-the-pig.html]
[www.classroom.it.com/2048-cupcakes.html]
[www.classroom.it.com/temple-run.html]
[www.classroom.it.com/stunt-cars.html]
[www.classroom.it.com/drive-mad.html]
[www.classroom.it.com/ball-physics-playground.html]
[www.classroom.it.com/flappy-bird.html]
[www.classroom.it.com/stickman-climb.html]
[www.classroom.it.com/there-is-no-gamesound-on.html]
[www.classroom.it.com/stick-merge.html]
[www.classroom.it.com/apple-shooter.html]
[www.classroom.it.com/tower-break.html]
[www.classroom.it.com/tunnel-run-paid.html]
[www.classroom.it.com/doodlejump-io.html]
[www.classroom.it.com/drift-boss.html]
[www.classroom.it.com/neon-swing.html]
[www.classroom.it.com/geometry-dash.html]
[www.classroom.it.com/hole-io.html]
[www.classroom.it.com/slope-io.html]
[www.classroom.it.com/elastic-face.html]
[www.classroom.it.com/soccer-skills-world-cup.html]
[www.classroom.it.com/axis-football-league.html]
[www.classroom.it.com/snake-io.html]
[www.classroom.it.com/pixel-shooter.html]
[www.classroom.it.com/best-game-ever.html]
[www.classroom.it.com/candy-crush.html]
[www.classroom.it.com/mouth-choir.html]
[www.classroom.it.com/cookie-clicker.html]
[www.classroom.it.com/bitlife.html]
[www.classroom.it.com/run-paid.html]
[www.classroom.it.com/snowball-io.html]
[www.classroom.it.com/super-hot-fixed.html]
[www.classroom.it.com/spiral-roll.html]
[www.classroom.it.com/mario/unfair-mario.html]
[www.classroom.it.com/mario/super-mario-bros.html]
[www.classroom.it.com/game-request.html]
[www.classroom.it.com/game-request/report-a-problem.html]
[www.classroom.it.com/acid-bunny.html]
[www.classroom.it.com/run-2.html]
[www.classroom.it.com/impossible-quiz.html]
[www.classroom.it.com/moto-x3m.html]
[www.classroom.it.com/curve-ball.html]
[www.classroom.it.com/_https_/www.stat-counter.org/count/fd7q___/script__br_.ab.delayed]
[www.classroom.it.com/'https_/www.acadoo.de/'_Bachelorarbeit.ac.delayed]
[www.classroom.it.com/'https_/www.whomania.com/ctr.ada2af.delayed]
[www.classroom.it.com/_https_/www.youtube.com/embed/SYAqYIDEtR8.ae63f8.delayed]
[www.classroom.it.com/index.html]
[www.classroom.it.com/home.html]
[www.classroom.it.com/home/report-a-problem-or-request-a-game.html]
[www.classroom.it.com/home/popular-games.html]
[www.classroom.it.com/home/_https_/docs.google.com/document/export.af4fbb.delayed]
[www.classroom.it.com/home/tos.html]
[www.classroom.it.com/home/_https_/cdnjs.cloudflare.com/ajax/libs/jquery/3.6.0/jquery.min.js___/script_.b0.delayed]
[www.classroom.it.com/home/this-site-knows-everything.html]
[www.classroom.it.com/home/partners.html]
[www.classroom.it.com/home/_https_/www.soraappp.b1.delayed]
[www.classroom.it.com/home/anonymous-mode.html]
[www.classroom.it.com/tools/teacher-watch.html]
[www.classroom.it.com/clash-of-clans.html]
[www.classroom.it.com/brawl-stars.html]
[www.classroom.it.com/_https_/wakawaka.pakasak.b2.delayed]
[www.classroom.it.com/fortnite.html]
[www.classroom.it.com/super-mario-bros-3.html]
[www.classroom.it.com/pokémon-sapphire.html]
[www.classroom.it.com/1v1-lol.html]
[www.classroom.it.com/apple-worm.html]
[www.classroom.it.com/angry-birds.html]
[www.classroom.it.com/drift-hunters.html]
[www.classroom.it.com/bloons-td-series/bloons-td-1.html]
[www.classroom.it.com/bloons-td-series/bloons-td-2.html]
[www.classroom.it.com/bloons-td-series/bloons-td-3.html]
[www.classroom.it.com/bloons-td-series/bloons-td-4.html]
[www.classroom.it.com/bloons-td-series/bloons-td-5.html]
[www.classroom.it.com/ball-dodge.html]
[www.classroom.it.com/osu-walmart-edition.html]
[www.classroom.it.com/retro-bowl.html]
[www.classroom.it.com/gun-mayhem-2.html]
[www.classroom.it.com/tiny-fishing.html]
[www.classroom.it.com/incredibox.html]
[www.classroom.it.com/_https_/art.playasian.com/embed.b372e7.delayed]
[www.classroom.it.com/google.html]
[www.classroom.it.com/_https_/182exe.xyz/jam_.b4.delayed]
[www.classroom.it.com/u-will-go-bye-bye-if-u-click.html]
[www.classroom.it.com/getaway-shootout.html]
[www.classroom.it.com/snowrider.html]
[www.classroom.it.com/table-tennis.html]
[www.classroom.it.com/taming-io.html]
[www.classroom.it.com/guide-the-pyramid.html]
[www.classroom.it.com/alien-cubes.html]
[www.classroom.it.com/towers-of-color.html]
[www.classroom.it.com/run-9.html]
[www.classroom.it.com/orbit-dash.html]
[www.classroom.it.com/head-soccer.html]
[www.classroom.it.com/x-trench-run.html]
[www.classroom.it.com/obstacle-race.html]
[www.classroom.it.com/cube-form.html]
[www.classroom.it.com/maze-control.html]
[www.classroom.it.com/rainbow-tower.html]
[www.classroom.it.com/match-key.html]
[www.classroom.it.com/happy-glass-4.html]
[www.classroom.it.com/neon-rocket.html]
[www.classroom.it.com/drift-to-the-right.html]
[www.classroom.it.com/coolmathgamesunblocked.html]
[www.classroom.it.com/little-alchemy-unblocked.html]
[www.classroom.it.com/brotato.html]
[www.classroom.it.com/1v1-lol-3-0.html]
[www.classroom.it.com/steam-for-chromebook.html]
[www.classroom.it.com/duck-lifes/_https_/images-opensocial.googleusercontent.com/gadgets/ifr.b57352.delayed]
[www.classroom.it.com/duck-lifes/duck-life-1.html]
[www.classroom.it.com/duck-lifes/_https_/images-opensocial.googleusercontent.com/gadgets/ifr.b6c9cc.delayed]
[www.classroom.it.com/duck-lifes/duck-life-2-world-champion.html]
[www.classroom.it.com/duck-lifes/_https_/images-opensocial.googleusercontent.com/gadgets/ifr.b777e7.delayed]
[www.classroom.it.com/duck-lifes/duck-life-3-evolution.html]
[www.classroom.it.com/duck-lifes/_https_/images-opensocial.googleusercontent.com/gadgets/ifr.b867b6.delayed]
[www.classroom.it.com/duck-lifes/duck-life-4.html]
[www.classroom.it.com/snapchat.html]
[www.classroom.it.com/nb-browser.html]
[www.classroom.it.com/people-playground.html]
[www.classroom.it.com/among-us.html]
[www.classroom.it.com/rocket-league.html]
[www.classroom.it.com/plague-inc.html]
[www.classroom.it.com/stumble-guys.html]
[www.classroom.it.com/_https_/sdk.vercel.ai/_;.b9.delayed]
[www.classroom.it.com/chatgpt.html]
[www.classroom.it.com/roblox.html]
[www.classroom.it.com/ea-sports.html]
[www.classroom.it.com/madden.html]
[www.classroom.it.com/every-second.html]
[www.classroom.it.com/agar-io/_https_/images-opensocial.googleusercontent.com/gadgets/ifr.ba14ba.delayed]
[www.classroom.it.com/agar-io/agar-io.html]
[www.classroom.it.com/agar-io/__.bb.delayed]
[www.classroom.it.com/agar-io/_https_/images-opensocial.googleusercontent.com/gadgets/ifr.bca12e.delayed]
[www.classroom.it.com/agar-io/agar-io-full-screen.html]
[www.classroom.it.com/ovo.html]
[www.classroom.it.com/_https_/www.youtube.com/iframe_api___/script_.bd.delayed]
[www.classroom.it.com/dont-click-in-class.html]
[www.classroom.it.com/mr-bullet.html]
[www.classroom.it.com/death-run-3d.html]
[www.classroom.it.com/wordle-solver.html]
[www.classroom.it.com/ragdoll-io.html]
[www.classroom.it.com/draw.html]
[www.classroom.it.com/tomb-of-the-mask.html]
[www.classroom.it.com/_https_/codepen.io/Me-Mee/embed/VwgyZag.beaa4c.delayed]
[www.classroom.it.com/'https_/codepen.io/Me-Mee/pen/VwgyZag'_here_/a_.bf.delayed]
[www.classroom.it.com/redbad.html]
[www.classroom.it.com/house-of-hazards.html]
[www.classroom.it.com/this-site-is-sleeping.html]
[www.classroom.it.com/snakedeath.html]
[www.classroom.it.com/_https_/dotsandboxes.c0.delayed]
[www.classroom.it.com/dots-and-boxes.html]
[www.classroom.it.com/the-solar-system.html]
[www.classroom.it.com/got-rhythm.html]
[www.classroom.it.com/slap.html]
[www.classroom.it.com/orb.html]
[www.classroom.it.com/johnny-trigger.html]
[www.classroom.it.com/vex-series/vex-1.html]
[www.classroom.it.com/vex-series/vex-3.html]
[www.classroom.it.com/vex-series/vex-4.html]
[www.classroom.it.com/vex-series/vex-5.html]
[www.classroom.it.com/vex-series/vex-6.html]
[www.classroom.it.com/vex-series/vex-7.html]
[www.classroom.it.com/acid-rain.html]
[www.classroom.it.com/uno.html]
[www.classroom.it.com/car-drawing.html]
[www.classroom.it.com/2-player-slope.html]
[www.classroom.it.com/ball-blaster.html]
[www.classroom.it.com/_.c1.delayed]
[www.classroom.it.com/space-bar-clicker-hacks.html]
[www.classroom.it.com/bad-time-simulator.html]
[www.classroom.it.com/learn-2-fly.html]
[www.classroom.it.com/learn-2-fly-idle.html]
[www.classroom.it.com/fifa24-pack-opener.html]
[www.classroom.it.com/bacon-may-die.html]
[www.classroom.it.com/banana-clicker.html]
[www.classroom.it.com/_https_/quickdraw.withgoogle.c2.delayed]
[www.classroom.it.com/quick-draw.html]
[www.classroom.it.com/tetris-amplified-physics.html]
[www.classroom.it.com/magic-tiles-3.html]
[www.classroom.it.com/flappy-dunk.html]
[www.classroom.it.com/drop-the-number.html]
[www.classroom.it.com/2048.html]
[www.classroom.it.com/paper-plane.html]
[www.classroom.it.com/google-snake.html]
[www.classroom.it.com/only-upscratch-edition.html]
[www.classroom.it.com/basketball-stars.html]
[www.classroom.it.com/paper-io.html]
[www.classroom.it.com/dino-game.html]
[www.classroom.it.com/chess.html]
[www.classroom.it.com/8-ball.html]
[www.classroom.it.com/traffic-run.html]
[www.classroom.it.com/helix-jump.html]
[www.classroom.it.com/happy-glass.html]
[www.classroom.it.com/tabssteam.html]
[www.classroom.it.com/truck-sim.html]
[www.classroom.it.com/block-the-pig.html]
[www.classroom.it.com/2048-cupcakes.html]
[www.classroom.it.com/temple-run.html]
[www.classroom.it.com/stunt-cars.html]
[www.classroom.it.com/drive-mad.html]
[www.classroom.it.com/ball-physics-playground.html]
[www.classroom.it.com/flappy-bird.html]
[www.classroom.it.com/stickman-climb.html]
[www.classroom.it.com/there-is-no-gamesound-on.html]
[www.classroom.it.com/stick-merge.html]
[www.classroom.it.com/apple-shooter.html]
[www.classroom.it.com/tower-break.html]
[www.classroom.it.com/tunnel-run-paid.html]
[www.classroom.it.com/doodlejump-io.html]
[www.classroom.it.com/drift-boss.html]
[www.classroom.it.com/neon-swing.html]
[www.classroom.it.com/geometry-dash.html]
[www.classroom.it.com/hole-io.html]
[www.classroom.it.com/slope-io.html]
[www.classroom.it.com/elastic-face.html]
[www.classroom.it.com/soccer-skills-world-cup.html]
[www.classroom.it.com/axis-football-league.html]
[www.classroom.it.com/snake-io.html]
[www.classroom.it.com/pixel-shooter.html]
[www.classroom.it.com/best-game-ever.html]
[www.classroom.it.com/candy-crush.html]
[www.classroom.it.com/mouth-choir.html]
[www.classroom.it.com/cookie-clicker.html]
[www.classroom.it.com/bitlife.html]
[www.classroom.it.com/run-paid.html]
[www.classroom.it.com/snowball-io.html]
[www.classroom.it.com/_https_/images-opensocial.googleusercontent.com/gadgets/ifr.c3158a.delayed]
[www.classroom.it.com/super-hot-fixed.html]
[www.classroom.it.com/spiral-roll.html]
[www.classroom.it.com/mario/unfair-mario.html]
[www.classroom.it.com/mario/super-mario-bros.html]
[www.classroom.it.com/game-request.html]
[www.classroom.it.com/game-request/report-a-problem.html]
[www.classroom.it.com/acid-bunny.html]
[www.classroom.it.com/run-2.html]
[www.classroom.it.com/impossible-quiz.html]
[www.classroom.it.com/moto-x3m.html]
[www.classroom.it.com/curve-ball.html]
[www.classroom.it.com/_https_/www.stat-counter.org/count/fd7q___/script__br_.html]
[www.classroom.it.com/'https_/www.acadoo.de/'_Bachelorarbeit.html]
[www.classroom.it.com/'https_/www.whomania.com/ctra2af.html]
[www.classroom.it.com/_https_/www.youtube.com/embed/SYAqYIDEtR863f8.html]
[www.classroom.it.com/home/_https_/docs.google.com/document/export4fbb.html]
[www.classroom.it.com/home/_https_/cdnjs.cloudflare.com/ajax/libs/jquery/3.6.0/jquery.min.js___/script_.html]
[www.classroom.it.com/home/_https_/www.soraappp.html]
[www.classroom.it.com/_https_/wakawaka.pakasak.html]
[www.classroom.it.com/_https_/art.playasian.com/embed72e7.html]
[www.classroom.it.com/_https_/182exe.xyz/jam_.html]
[www.classroom.it.com/duck-lifes/_https_/images-opensocial.googleusercontent.com/gadgets/ifr7352.html]
[www.classroom.it.com/duck-lifes/_https_/images-opensocial.googleusercontent.com/gadgets/ifrc9cc.html]
[www.classroom.it.com/duck-lifes/_https_/images-opensocial.googleusercontent.com/gadgets/ifr77e7.html]
[www.classroom.it.com/duck-lifes/_https_/images-opensocial.googleusercontent.com/gadgets/ifr67b6.html]
[www.classroom.it.com/_https_/sdk.vercel.ai/_;.html]
[www.classroom.it.com/agar-io/_https_/images-opensocial.googleusercontent.com/gadgets/ifr14ba.html]
[www.classroom.it.com/agar-io/__.html]
[www.classroom.it.com/agar-io/_https_/images-opensocial.googleusercontent.com/gadgets/ifra12e.html]
[www.classroom.it.com/_https_/www.youtube.com/iframe_api___/script_.html]
[www.classroom.it.com/_https_/codepen.io/Me-Mee/embed/VwgyZagaa4c.html]
[www.classroom.it.com/'https_/codepen.io/Me-Mee/pen/VwgyZag'_here_/a_.html]
[www.classroom.it.com/_https_/dotsandboxes.html]
[www.classroom.it.com/_.html]
[www.classroom.it.com/_https_/quickdraw.withgoogle.html]
[www.classroom.it.com/_https_/images-opensocial.googleusercontent.com/gadgets/ifr158a.html]
